[dotenv@17.2.3] injecting env (7) from .env -- tip: 🔄 add secrets lifecycle management: https://dotenvx.com/ops
[dotenv@17.2.3] injecting env (0) from .env -- tip: 🔐 prevent building .env in docker: https://dotenvx.com/prebuild
🔄 Starting user migration...

📂 Using latest snapshot: snapshot-2026-01-29T11-00-03-100Z.json

📂 Loading snapshot from: C:\Users\Oleksandr\Desktop\projects\personal\based-repo\snapshots\snapshot-2026-01-29T11-00-03-100Z.json
📅 Snapshot date: 2026-01-29T10:54:24.912Z
📦 Block number: 41447358

🆕 New Contract Addresses:
  FishNFT: 0x285ea5BCC9907dA941863129B5b608Cd6e3D581e
  EggNFT: 0xfBC9e630AA2A6285634B184eCfd6432bFBa1B6fa
  FryReef: 0x05cAD6d1e26e3c6398860e32Ed6ce636279c4EC0

👥 Migrating 26 users...

[1/26] Processing 0x96b92cd90bbef253145a6de4182b76172f3193ee...
  🐟 Migrating 2 fish...
    ✓ Minted Common fish
    ✓ Minted Common fish
  💎 Restoring resources...
    ✓ PS: 0, SD: 7, Capacity: 3

[2/26] Processing 0xf7421b336607d51bcfc0425cb94703d1a9df5d1b...
  🐟 Migrating 1 fish...
    ✓ Minted Epic fish
  🥚 Migrating 1 eggs...
    ✓ Minted egg
  💎 Restoring resources...
    ✓ PS: 0, SD: 33, Capacity: 4

[3/26] Processing 0x18915b237d68a54ec5d31a998108eeb5ed65a7a6...
  🐟 Migrating 1 fish...
    ✓ Minted Common fish
  🥚 Migrating 1 eggs...
    ✓ Minted egg
  💎 Restoring resources...
    ✓ PS: 0, SD: 0, Capacity: 4

[4/26] Processing 0x26a541a5d6c9b46307fa9d1bc2f49b174e7f6e96...
  🐟 Migrating 1 fish...
    ❌ Failed to mint fish: replacement transaction underpriced
  🥚 Migrating 2 eggs...
    ✓ Minted egg
    ✓ Minted egg
  💎 Restoring resources...
    ✓ PS: 0, SD: 25, Capacity: 4

[5/26] Processing 0x14a5cb179055763b5a08b9938ea6cc461d809e77...
  🐟 Migrating 1 fish...
    ❌ Failed to mint fish: replacement transaction underpriced
  🥚 Migrating 1 eggs...
    ❌ Failed to mint egg: nonce too low: next nonce 123, tx nonce 122
  💎 Restoring resources...
    ✓ PS: 0, SD: 0, Capacity: 4

[6/26] Processing 0x536b4d6d3b95ccf8e2894f199fc49fd4c3b151d9...
  🐟 Migrating 1 fish...
    ✓ Minted Common fish
  🥚 Migrating 1 eggs...
    ❌ Failed to mint egg: execution reverted
  💎 Restoring resources...
    ✓ PS: 0, SD: 0, Capacity: 3

[7/26] Processing 0x31437c81fcc48c50dfe7c89e928b81cfa4931cf0...
  🐟 Migrating 2 fish...
    ❌ Failed to mint fish: replacement transaction underpriced
    ❌ Failed to mint fish: nonce too low: next nonce 126, tx nonce 125
  🥚 Migrating 1 eggs...
    ✓ Minted egg
  💎 Restoring resources...
    ✓ PS: 0, SD: 5, Capacity: 3

[8/26] Processing 0x48f4e787afe38381176f89ac202710dde3b7660a...
  🐟 Migrating 2 fish...
    ❌ Failed to mint fish: replacement transaction underpriced
    ✓ Minted Common fish
  💎 Restoring resources...
    ✓ PS: 0, SD: 49, Capacity: 3

[9/26] Processing 0xdabd0ef3cfc60f4a6f1d08b8d39f97c2a8d7b456...
  🐟 Migrating 1 fish...
    ❌ Failed to mint fish: replacement transaction underpriced
  🥚 Migrating 1 eggs...
    ❌ Failed to mint egg: replacement transaction underpriced
  💎 Restoring resources...
    ✓ PS: 0, SD: 0, Capacity: 4

[10/26] Processing 0x9ff507683e602590ad1ed484cb3d62cbb564f99a...
  🐟 Migrating 3 fish...
    ❌ Failed to mint fish: execution reverted
    ❌ Failed to mint fish: execution reverted
    ✓ Minted Epic fish
  💎 Restoring resources...
    ✓ PS: 1, SD: 55, Capacity: 3

[11/26] Processing 0x9fd6eb9041a0d462a706c5fd6e8d8cde85928da8...
  🐟 Migrating 2 fish...
    ❌ Failed to mint fish: replacement transaction underpriced
    ❌ Failed to mint fish: replacement transaction underpriced
  🥚 Migrating 1 eggs...
    ✓ Minted egg
  💎 Restoring resources...
    ✓ PS: 0, SD: 52, Capacity: 3

[12/26] Processing 0x9f04fe49ccdedafb773573d1ac19062430f00ff2...
  🐟 Migrating 1 fish...
    ❌ Failed to mint fish: replacement transaction underpriced
  🥚 Migrating 1 eggs...
    ❌ Failed to mint egg: replacement transaction underpriced
  💎 Restoring resources...
    ✓ PS: 0, SD: 31, Capacity: 4

[13/26] Processing 0x5d5c6e3407a571c1681bae50a79b7fbabc79474c...
  🐟 Migrating 1 fish...
    ❌ Failed to mint fish: replacement transaction underpriced
  💎 Restoring resources...
    ❌ Failed to restore resources: nonce too low: next nonce 136, tx nonce 135

[14/26] Processing 0x0b08b76df9788e52858db9519bd5d2cb5b457800...
  🐟 Migrating 2 fish...
    ✓ Minted Rare fish
    ✓ Minted Rare fish
  💎 Restoring resources...
    ✓ PS: 0, SD: 23, Capacity: 3

[15/26] Processing 0xce5f97ff62e8c1c3186cd7b26a1ff4c7b6c42e16...
  🐟 Migrating 2 fish...
    ❌ Failed to mint fish: replacement transaction underpriced
    ❌ Failed to mint fish: nonce too low: next nonce 139, tx nonce 138
  💎 Restoring resources...
    ✓ PS: 0, SD: 59, Capacity: 3

[16/26] Processing 0x2ea1e3d2a4d91ffc462a97251e87f69f1e34c5e7...
  🐟 Migrating 1 fish...
    ❌ Failed to mint fish: nonce too low: next nonce 140, tx nonce 139
  🥚 Migrating 1 eggs...
    ✓ Minted egg
  💎 Restoring resources...
    ✓ PS: 1, SD: 0, Capacity: 3

[17/26] Processing 0x170f04d43cb4fc5dc7c680c67728b6237af3a0ea...
  🐟 Migrating 2 fish...
    ❌ Failed to mint fish: replacement transaction underpriced
    ❌ Failed to mint fish: nonce too low: next nonce 142, tx nonce 141
  💎 Restoring resources...
    ✓ PS: 0, SD: 12, Capacity: 3

[18/26] Processing 0x47f31bdf91413727c9b917bf4b8e2fdd889be408...
  🥚 Migrating 1 eggs...
    ❌ Failed to mint egg: nonce too low: next nonce 143, tx nonce 142
  💎 Restoring resources...
    ✓ PS: 1, SD: 100, Capacity: 3

[19/26] Processing 0xdcfa3a91bf30d18148cc788e6b8bad0988356c61...
  🥚 Migrating 1 eggs...
    ✓ Minted egg
  💎 Restoring resources...
    ✓ PS: 0, SD: 100, Capacity: 4

[20/26] Processing 0x1fb69ea05ff91424b118f5673e08814cce908d38...
  🥚 Migrating 1 eggs...
    ❌ Failed to mint egg: replacement transaction underpriced
  💎 Restoring resources...
    ❌ Failed to restore resources: replacement transaction underpriced

[21/26] Processing 0x2ec4a1ece5e07aa66c59efcce6efd9d9adcf014c...
  🥚 Migrating 1 eggs...
    ✓ Minted egg
  💎 Restoring resources...
    ✓ PS: 1, SD: 100, Capacity: 3

[22/26] Processing 0x37ddc8bfd8a20e6b99074cf85fbadd1b854c60bf...
  🥚 Migrating 1 eggs...
    ❌ Failed to mint egg: replacement transaction underpriced
  💎 Restoring resources...
    ✓ PS: 1, SD: 100, Capacity: 3

[23/26] Processing 0x9c8e4e1b0d0dbd0ea2cd8105069001c5c4509bf7...
  🥚 Migrating 1 eggs...
    ❌ Failed to mint egg: replacement transaction underpriced
  💎 Restoring resources...
    ✓ PS: 1, SD: 100, Capacity: 3

[24/26] Processing 0x86a9f19955933605e4f91520edb2a5f9e224a2cc...
  🥚 Migrating 1 eggs...
    ❌ Failed to mint egg: replacement transaction underpriced
  💎 Restoring resources...
    ✓ PS: 2, SD: 100, Capacity: 3

[25/26] Processing 0xbc57eb3b787aa22fd1fb9d8ba8314e6c66863439...
  🥚 Migrating 1 eggs...
    ❌ Failed to mint egg: replacement transaction underpriced
  💎 Restoring resources...
    ✓ PS: 1, SD: 100, Capacity: 4

[26/26] Processing 0x029ac2ebc90d4e936d9ed38bd37b9d52bafca148...
  🥚 Migrating 1 eggs...
    ❌ Failed to mint egg: nonce too low: next nonce 152, tx nonce 151
  💎 Restoring resources...
    ✓ PS: 1, SD: 100, Capacity: 3

✅ Migration completed!

📊 Summary:
  - Users migrated: 26
  - Fish minted: 9
  - Eggs minted: 9
  - Resources restored: 24
